// Jest Snapshot v1, https://goo.gl/fbAQLP

exports[`Expect to Match Snapshot 1`] = `
<div
  className="custom-button"
>
  <button
    className=" "
  />
</div>
`;
