// Jest Snapshot v1, https://goo.gl/fbAQLP

exports[`Expect to Match Snapshot 1`] = `
<div
  className="column-tags"
>
  <div
    className="column-tag"
  >
    1
  </div>
  <div
    className="column-tag"
  >
    2
  </div>
  <div
    className="column-tag"
  >
    3
  </div>
  <div
    className="column-tag"
  >
    4
  </div>
  <div
    className="column-tag"
  >
    5
  </div>
  <div
    className="column-tag"
  >
    6
  </div>
  <div
    className="column-tag"
  >
    7
  </div>
  <div
    className="column-tag"
  >
    8
  </div>
  <div
    className="column-tag"
  >
    9
  </div>
  <div
    className="column-tag"
  >
    10
  </div>
</div>
`;
