// Jest Snapshot v1, https://goo.gl/fbAQLP

exports[`Expect to Match Snapshot 1`] = `
<div
  className="cover"
>
  <img
    alt="logo"
    className="logo"
    src="logo.svg"
  />
  <h1
    className="title"
  />
</div>
`;
